// Jest Snapshot v1, https://goo.gl/fbAQLP

exports[`any name of of test 1`] = `4`;
